******************************************************************************
                  TI ARM Linker PC v20.2.7                     
******************************************************************************
>> Linked Tue Feb 11 17:53:05 2025

OUTPUT FILE NAME:   <LAB3.out>
ENTRY POINT SYMBOL: "_c_int00_noargs"  address: 000009cd


MEMORY CONFIGURATION

         name            origin    length      used     unused   attr    fill
----------------------  --------  ---------  --------  --------  ----  --------
  MAIN                  00000000   00040000  00000b82  0003f47e  R  X
  INFO                  00200000   00004000  00000000  00004000  R  X
  SRAM_CODE             01000000   00010000  0000031a  0000fce6  RW X
  SRAM_DATA             20000000   00010000  0000031a  0000fce6  RW  


SEGMENT ALLOCATION MAP

run origin  load origin   length   init length attrs members
----------  ----------- ---------- ----------- ----- -------
00000000    00000000    00000b88   00000b88    r-x
  00000000    00000000    000000e4   000000e4    r-- .intvecs
  000000e4    000000e4    000009fa   000009fa    r-x .text
  00000ae0    00000ae0    00000054   00000054    r-- .const
  00000b38    00000b38    00000050   00000050    r-- .cinit
20000000    20000000    0000011c   00000000    rw-
  20000000    20000000    000000e8   00000000    rw- .vtable
  200000e8    200000e8    0000001a   00000000    rw- .bss
  20000104    20000104    00000018   00000000    rw- .data
2000fe00    2000fe00    00000200   00000000    rw-
  2000fe00    2000fe00    00000200   00000000    rw- .stack


SECTION ALLOCATION MAP

 output                                  attributes/
section   page    origin      length       input sections
--------  ----  ----------  ----------   ----------------
.intvecs   0    00000000    000000e4     
                  00000000    000000e4     startup_msp432p401r_ccs.obj (.intvecs:retain)

.text      0    000000e4    000009fa     
                  000000e4    00000144     msp432p4xx_driverlib.lib : timer_a.o (.text:privateTimer_AProcessClockSourceDivider)
                  00000228    00000100     lab3Main1.obj (.text:toggleLEDs)
                  00000328    000000f8     lab3Main1.obj (.text:configIO)
                  00000420    000000f8     lab3Main1.obj (.text:pushButtons)
                  00000518    000000d2     msp432p4xx_driverlib.lib : timer_a.o (.text:Timer_A_registerInterrupt)
                  000005ea    0000009c     rtsv7M4_T_le_v4SPD16_eabi.lib : memcpy_t2.asm.obj (.text)
                  00000686    00000002     startup_msp432p401r_ccs.obj (.text:Default_Handler)
                  00000688    00000080     msp432p4xx_driverlib.lib : interrupt.o (.text:Interrupt_enableInterrupt)
                  00000708    00000078     system_msp432p401r.obj (.text:SystemInit)
                  00000780    00000070     lab3Main1.obj (.text:main)
                  000007f0    0000006c     lab3Main1.obj (.text:configTimer)
                  0000085c    00000068     msp432p4xx_driverlib.lib : timer_a.o (.text:Timer_A_configureUpMode)
                  000008c4    00000068     rtsv7M4_T_le_v4SPD16_eabi.lib : copy_decompress_lzss.c.obj (.text:decompress:lzss:__TI_decompress_lzss)
                  0000092c    0000005c     msp432p4xx_driverlib.lib : interrupt.o (.text:Interrupt_registerInterrupt)
                  00000988    00000044     rtsv7M4_T_le_v4SPD16_eabi.lib : autoinit.c.obj (.text:__TI_auto_init_nobinit_nopinit:__TI_auto_init_nobinit_nopinit)
                  000009cc    00000034                                   : boot_cortex_m.c.obj (.text:_c_int00_noargs:_c_int00_noargs)
                  00000a00    00000024     msp432p4xx_driverlib.lib : gpio.o (.text:GPIO_getInterruptStatus)
                  00000a24    00000024                              : gpio.o (.text:GPIO_registerInterrupt)
                  00000a48    0000001c     rtsv7M4_T_le_v4SPD16_eabi.lib : copy_zero_init.c.obj (.text:decompress:ZI:__TI_zero_init_nomemset:__TI_zero_init_nomemset)
                  00000a64    00000018     msp432p4xx_driverlib.lib : timer_a.o (.text:Timer_A_enableInterrupt)
                  00000a7c    00000016                              : timer_a.o (.text:Timer_A_clearInterruptFlag)
                  00000a92    00000016                              : timer_a.o (.text:Timer_A_startCounter)
                  00000aa8    00000014                              : timer_a.o (.text:Timer_A_stopTimer)
                  00000abc    0000000e     rtsv7M4_T_le_v4SPD16_eabi.lib : copy_decompress_none.c.obj (.text:decompress:none:__TI_decompress_none)
                  00000aca    0000000c     startup_msp432p401r_ccs.obj (.text:Reset_Handler)
                  00000ad6    00000004     rtsv7M4_T_le_v4SPD16_eabi.lib : pre_init.c.obj (.text:_system_pre_init)
                  00000ada    00000004                                   : exit.c.obj (.text:abort:abort)

.const     0    00000ae0    00000054     
                  00000ae0    00000030     msp432p4xx_driverlib.lib : gpio.o (.const:GPIO_PORT_TO_BASE)
                  00000b10    0000001c                              : gpio.o (.const:GPIO_PORT_TO_INT)
                  00000b2c    00000008                              : interrupt.o (.const:g_pulEnRegs)

.cinit     0    00000b38    00000050     
                  00000b38    00000019     (.cinit..data.load) [load image, compression = lzss]
                  00000b51    00000003     --HOLE-- [fill = 0]
                  00000b54    0000000c     (__TI_handler_table)
                  00000b60    00000008     (.cinit..bss.load) [load image, compression = zero_init]
                  00000b68    00000008     (.cinit..vtable.load) [load image, compression = zero_init]
                  00000b70    00000018     (__TI_cinit_table)

.init_array 
*          0    00000000    00000000     UNINITIALIZED

.binit     0    00000000    00000000     

.vtable    0    20000000    000000e8     UNINITIALIZED
                  20000000    000000e8     msp432p4xx_driverlib.lib : interrupt.o (.vtable)

.bss       0    200000e8    0000001a     UNINITIALIZED
                  200000e8    00000018     (.common:timerConfig)
                  20000100    00000001     (.common:led1State)
                  20000101    00000001     (.common:led2State)

.data      0    20000104    00000018     UNINITIALIZED
                  20000104    00000008     lab3Main1.obj (.data:clockDividerArray)
                  2000010c    00000008     lab3Main1.obj (.data:clockPeriodArray)
                  20000114    00000008     lab3Main1.obj (.data)

.stack     0    2000fe00    00000200     UNINITIALIZED
                  2000fe00    00000004     rtsv7M4_T_le_v4SPD16_eabi.lib : boot_cortex_m.c.obj (.stack)
                  2000fe04    000001fc     --HOLE--

__llvm_prf_cnts 
*          0    20000000    00000000     UNINITIALIZED

MODULE SUMMARY

       Module                        code   ro data   rw data
       ------                        ----   -------   -------
    .\
       lab3Main1.obj                 972    0         100    
       system_msp432p401r.obj        120    0         0      
    +--+-----------------------------+------+---------+---------+
       Total:                        1092   0         100    
                                                             
    .\ccs\
       startup_msp432p401r_ccs.obj   14     228       0      
    +--+-----------------------------+------+---------+---------+
       Total:                        14     228       0      
                                                             
    C:/ti/ccs12xx/simplelink_msp432p4_sdk_3_40_01_02/source/ti/devices/msp432p4xx/driverlib/ccs/msp432p4xx_driverlib.lib
       timer_a.o                     726    0         0      
       interrupt.o                   220    8         464    
       gpio.o                        72     76        0      
    +--+-----------------------------+------+---------+---------+
       Total:                        1018   84        464    
                                                             
    D:\ccs\tools\compiler\ti-cgt-arm_20.2.7.LTS\lib\rtsv7M4_T_le_v4SPD16_eabi.lib
       memcpy_t2.asm.obj             156    0         0      
       copy_decompress_lzss.c.obj    104    0         0      
       autoinit.c.obj                68     0         0      
       boot_cortex_m.c.obj           52     0         0      
       copy_zero_init.c.obj          28     0         0      
       copy_decompress_none.c.obj    14     0         0      
       exit.c.obj                    4      0         0      
       pre_init.c.obj                4      0         0      
    +--+-----------------------------+------+---------+---------+
       Total:                        430    0         0      
                                                             
       Stack:                        0      0         1024   
       Linker Generated:             0      77        0      
    +--+-----------------------------+------+---------+---------+
       Grand Total:                  2554   389       1588   


LINKER GENERATED COPY TABLES

__TI_cinit_table @ 00000b70 records: 3, size/record: 8, table size: 24
	.data: load addr=00000b38, load size=00000019 bytes, run addr=20000104, run size=00000018 bytes, compression=lzss
	.bss: load addr=00000b60, load size=00000008 bytes, run addr=200000e8, run size=0000001a bytes, compression=zero_init
	.vtable: load addr=00000b68, load size=00000008 bytes, run addr=20000000, run size=000000e8 bytes, compression=zero_init


LINKER GENERATED HANDLER TABLE

__TI_handler_table @ 00000b54 records: 3, size/record: 4, table size: 12
	index: 0, handler: __TI_zero_init
	index: 1, handler: __TI_decompress_lzss
	index: 2, handler: __TI_decompress_none


GLOBAL SYMBOLS: SORTED ALPHABETICALLY BY Name 

address   name                          
-------   ----                          
00000687  ADC14_IRQHandler              
00000687  AES256_IRQHandler             
00000687  BusFault_Handler              
00000adb  C$$EXIT                       
00000687  COMP_E0_IRQHandler            
00000687  COMP_E1_IRQHandler            
00000687  CS_IRQHandler                 
00000687  DMA_ERR_IRQHandler            
00000687  DMA_INT0_IRQHandler           
00000687  DMA_INT1_IRQHandler           
00000687  DMA_INT2_IRQHandler           
00000687  DMA_INT3_IRQHandler           
00000687  DebugMon_Handler              
00000687  Default_Handler               
00000687  EUSCIA0_IRQHandler            
00000687  EUSCIA1_IRQHandler            
00000687  EUSCIA2_IRQHandler            
00000687  EUSCIA3_IRQHandler            
00000687  EUSCIB0_IRQHandler            
00000687  EUSCIB1_IRQHandler            
00000687  EUSCIB2_IRQHandler            
00000687  EUSCIB3_IRQHandler            
00000687  FLCTL_IRQHandler              
00000687  FPU_IRQHandler                
00000a01  GPIO_getInterruptStatus       
00000a25  GPIO_registerInterrupt        
00000687  HardFault_Handler             
00000689  Interrupt_enableInterrupt     
0000092d  Interrupt_registerInterrupt   
00000687  MemManage_Handler             
00000687  NMI_Handler                   
00000687  PCM_IRQHandler                
00000687  PORT1_IRQHandler              
00000687  PORT2_IRQHandler              
00000687  PORT3_IRQHandler              
00000687  PORT4_IRQHandler              
00000687  PORT5_IRQHandler              
00000687  PORT6_IRQHandler              
00000687  PSS_IRQHandler                
00000687  PendSV_Handler                
00000687  RTC_C_IRQHandler              
00000acb  Reset_Handler                 
00000687  SVC_Handler                   
00000687  SysTick_Handler               
00000709  SystemInit                    
00000687  T32_INT1_IRQHandler           
00000687  T32_INT2_IRQHandler           
00000687  T32_INTC_IRQHandler           
00000687  TA0_0_IRQHandler              
00000687  TA0_N_IRQHandler              
00000687  TA1_0_IRQHandler              
00000687  TA1_N_IRQHandler              
00000687  TA2_0_IRQHandler              
00000687  TA2_N_IRQHandler              
00000687  TA3_0_IRQHandler              
00000687  TA3_N_IRQHandler              
00000a7d  Timer_A_clearInterruptFlag    
0000085d  Timer_A_configureUpMode       
00000a65  Timer_A_enableInterrupt       
00000519  Timer_A_registerInterrupt     
00000a93  Timer_A_startCounter          
00000aa9  Timer_A_stopTimer             
00000687  UsageFault_Handler            
4000480c  WDTCTL_SYM                    
00000687  WDT_A_IRQHandler              
20010000  __STACK_END                   
00000200  __STACK_SIZE                  
00000b70  __TI_CINIT_Base               
00000b88  __TI_CINIT_Limit              
00000b54  __TI_Handler_Table_Base       
00000b60  __TI_Handler_Table_Limit      
00000989  __TI_auto_init_nobinit_nopinit
000008c5  __TI_decompress_lzss          
00000abd  __TI_decompress_none          
ffffffff  __TI_pprof_out_hndl           
ffffffff  __TI_prof_data_size           
ffffffff  __TI_prof_data_start          
00000000  __TI_static_base__            
00000a49  __TI_zero_init_nomemset       
000005eb  __aeabi_memcpy                
000005eb  __aeabi_memcpy4               
000005eb  __aeabi_memcpy8               
ffffffff  __binit__                     
ffffffff  __c_args__                    
UNDEFED   __mpu_init                    
2000fe00  __stack                       
20000000  __start___llvm_prf_cnts       
20000000  __stop___llvm_prf_cnts        
000009cd  _c_int00_noargs               
UNDEFED   _system_post_cinit            
00000ad7  _system_pre_init              
00000adb  abort                         
ffffffff  binit                         
20000104  clockDividerArray             
2000010c  clockPeriodArray              
00000329  configIO                      
000007f1  configTimer                   
20000000  g_pfnRAMVectors               
00000000  interruptVectors              
20000100  led1State                     
20000101  led2State                     
00000781  main                          
000005eb  memcpy                        
00000421  pushButtons                   
20000118  stateCounter0                 
2000011a  stateCounter1                 
20000114  timer                         
200000e8  timerConfig                   
00000229  toggleLEDs                    


GLOBAL SYMBOLS: SORTED BY Symbol Address 

address   name                          
-------   ----                          
00000000  __TI_static_base__            
00000000  interruptVectors              
00000200  __STACK_SIZE                  
00000229  toggleLEDs                    
00000329  configIO                      
00000421  pushButtons                   
00000519  Timer_A_registerInterrupt     
000005eb  __aeabi_memcpy                
000005eb  __aeabi_memcpy4               
000005eb  __aeabi_memcpy8               
000005eb  memcpy                        
00000687  ADC14_IRQHandler              
00000687  AES256_IRQHandler             
00000687  BusFault_Handler              
00000687  COMP_E0_IRQHandler            
00000687  COMP_E1_IRQHandler            
00000687  CS_IRQHandler                 
00000687  DMA_ERR_IRQHandler            
00000687  DMA_INT0_IRQHandler           
00000687  DMA_INT1_IRQHandler           
00000687  DMA_INT2_IRQHandler           
00000687  DMA_INT3_IRQHandler           
00000687  DebugMon_Handler              
00000687  Default_Handler               
00000687  EUSCIA0_IRQHandler            
00000687  EUSCIA1_IRQHandler            
00000687  EUSCIA2_IRQHandler            
00000687  EUSCIA3_IRQHandler            
00000687  EUSCIB0_IRQHandler            
00000687  EUSCIB1_IRQHandler            
00000687  EUSCIB2_IRQHandler            
00000687  EUSCIB3_IRQHandler            
00000687  FLCTL_IRQHandler              
00000687  FPU_IRQHandler                
00000687  HardFault_Handler             
00000687  MemManage_Handler             
00000687  NMI_Handler                   
00000687  PCM_IRQHandler                
00000687  PORT1_IRQHandler              
00000687  PORT2_IRQHandler              
00000687  PORT3_IRQHandler              
00000687  PORT4_IRQHandler              
00000687  PORT5_IRQHandler              
00000687  PORT6_IRQHandler              
00000687  PSS_IRQHandler                
00000687  PendSV_Handler                
00000687  RTC_C_IRQHandler              
00000687  SVC_Handler                   
00000687  SysTick_Handler               
00000687  T32_INT1_IRQHandler           
00000687  T32_INT2_IRQHandler           
00000687  T32_INTC_IRQHandler           
00000687  TA0_0_IRQHandler              
00000687  TA0_N_IRQHandler              
00000687  TA1_0_IRQHandler              
00000687  TA1_N_IRQHandler              
00000687  TA2_0_IRQHandler              
00000687  TA2_N_IRQHandler              
00000687  TA3_0_IRQHandler              
00000687  TA3_N_IRQHandler              
00000687  UsageFault_Handler            
00000687  WDT_A_IRQHandler              
00000689  Interrupt_enableInterrupt     
00000709  SystemInit                    
00000781  main                          
000007f1  configTimer                   
0000085d  Timer_A_configureUpMode       
000008c5  __TI_decompress_lzss          
0000092d  Interrupt_registerInterrupt   
00000989  __TI_auto_init_nobinit_nopinit
000009cd  _c_int00_noargs               
00000a01  GPIO_getInterruptStatus       
00000a25  GPIO_registerInterrupt        
00000a49  __TI_zero_init_nomemset       
00000a65  Timer_A_enableInterrupt       
00000a7d  Timer_A_clearInterruptFlag    
00000a93  Timer_A_startCounter          
00000aa9  Timer_A_stopTimer             
00000abd  __TI_decompress_none          
00000acb  Reset_Handler                 
00000ad7  _system_pre_init              
00000adb  C$$EXIT                       
00000adb  abort                         
00000b54  __TI_Handler_Table_Base       
00000b60  __TI_Handler_Table_Limit      
00000b70  __TI_CINIT_Base               
00000b88  __TI_CINIT_Limit              
20000000  __start___llvm_prf_cnts       
20000000  __stop___llvm_prf_cnts        
20000000  g_pfnRAMVectors               
200000e8  timerConfig                   
20000100  led1State                     
20000101  led2State                     
20000104  clockDividerArray             
2000010c  clockPeriodArray              
20000114  timer                         
20000118  stateCounter0                 
2000011a  stateCounter1                 
2000fe00  __stack                       
20010000  __STACK_END                   
4000480c  WDTCTL_SYM                    
ffffffff  __TI_pprof_out_hndl           
ffffffff  __TI_prof_data_size           
ffffffff  __TI_prof_data_start          
ffffffff  __binit__                     
ffffffff  __c_args__                    
ffffffff  binit                         
UNDEFED   __mpu_init                    
UNDEFED   _system_post_cinit            

[109 symbols]
